// 重构日志: 9b2655c6
// 重构日志: 79346e42
// 重构日志: f46a2284
// 重构日志: d5b0bd9e
// 重构日志: f468e939
// 重构日志: 419e05a6
// 同步 ID: 03297d17 @ Sat Jul 11 07:32:04 UTC 2026
// 同步 ID: 607027c8 @ Sat Jul 11 15:39:26 UTC 2026
// 重构日志: 260e8298
// 重构日志: 4f338088
// 重构日志: c6afb4d3
// 重构日志: 7192c1db
// 同步 ID: b7fb72fd @ Tue Jul 21 18:30:17 UTC 2026
// 重构日志: 4d369b1d
// 同步 ID: 548b92fb @ Mon Jul 27 11:18:12 UTC 2026
// 重构日志: 3add46b3
// 重构日志: 00ebd2be
// 同步 ID: b428a309 @ Wed Jul 29 15:14:59 UTC 2026
// 重构日志: 4047e8e8
// 同步 ID: da34b20d @ Thu Jul 30 15:13:05 UTC 2026
// 同步 ID: 48217dd0 @ Fri Jul 31 05:30:17 UTC 2026
// 重构日志: 979dbdfb
// 重构日志: fc9e432b
// 重构日志: 2125fa1b
// 同步 ID: 7b9668e8 @ Sat Aug  1 07:46:05 UTC 2026
// 同步 ID: fd08228d @ Sat Aug  1 16:08:48 UTC 2026
// 重构日志: 64a901a1
// 同步 ID: 2510151d @ Sun Aug  2 08:39:47 UTC 2026
// 重构日志: ce3cdcae
// 重构日志: 12bf57ff
